------------------------------------------------------------
TimeQuest Timing Analyzer Summary
------------------------------------------------------------

Type  : Slow Model Setup 'clock_divider:clock_divider_instance|clk_out'
Slack : -6.998
TNS   : -5245.771

Type  : Slow Model Setup 'clock'
Slack : -3.466
TNS   : -66.117

Type  : Slow Model Hold 'clock'
Slack : -2.677
TNS   : -2.677

Type  : Slow Model Hold 'clock_divider:clock_divider_instance|clk_out'
Slack : 0.445
TNS   : 0.000

Type  : Slow Model Minimum Pulse Width 'clock'
Slack : -1.631
TNS   : -37.069

Type  : Slow Model Minimum Pulse Width 'clock_divider:clock_divider_instance|clk_out'
Slack : -0.611
TNS   : -1276.990

Type  : Fast Model Setup 'clock_divider:clock_divider_instance|clk_out'
Slack : -1.990
TNS   : -1490.551

Type  : Fast Model Setup 'clock'
Slack : -0.860
TNS   : -11.197

Type  : Fast Model Hold 'clock'
Slack : -1.708
TNS   : -1.708

Type  : Fast Model Hold 'clock_divider:clock_divider_instance|clk_out'
Slack : 0.215
TNS   : 0.000

Type  : Fast Model Minimum Pulse Width 'clock'
Slack : -1.380
TNS   : -30.380

Type  : Fast Model Minimum Pulse Width 'clock_divider:clock_divider_instance|clk_out'
Slack : -0.500
TNS   : -1045.000

------------------------------------------------------------
